fpc0:
--------------------------------------------------------------------------

root@Tokyo-1> show system uptime no-forwarding

Current time: 2018-01-17 10:38:55 UTC
Time Source:  LOCAL CLOCK
System booted: 2018-01-17 09:20:25 UTC (01:18:30 ago)
Protocols started: 2018-01-17 09:23:01 UTC (01:15:54 ago)
Last configured: 2018-01-16 18:36:07 UTC (16:02:48 ago) by root
10:38AM  up 1:19, 1 users, load averages: 0.24, 0.27, 0.23


root@Tokyo-1> show version detail no-forwarding

Hostname: Tokyo-1
Model: ex3400-24t
Junos: 15.1X53-D55.5
JUNOS OS Kernel 32-bit  [20161226.342161_builder_head]
JUNOS OS libs [20161226.342161_builder_head]
JUNOS OS runtime [20161226.342161_builder_head]
JUNOS OS time zone information [20161226.342161_builder_head]
JUNOS py extensions [20161230.114620_builder_junos_151_x53_d55]
JUNOS py base [20161230.114620_builder_junos_151_x53_d55]
JUNOS OS crypto [20161226.342161_builder_head]
JUNOS network stack and utilities [20161230.114620_builder_junos_151_x53_d55]
JUNOS libs [20161230.114620_builder_junos_151_x53_d55]
JUNOS runtime [20161230.114620_builder_junos_151_x53_d55]
JUNOS Web Management Platform Package [20161230.114620_builder_junos_151_x53_d55]
JUNOS Web Management Application package [15.1X53-A1]
JUNOS ex libs [20161230.114620_builder_junos_151_x53_d55]
JUNOS ex runtime [20161230.114620_builder_junos_151_x53_d55]
JUNOS ex platform support [20161230.114620_builder_junos_151_x53_d55]
JUNOS modules [20161230.114620_builder_junos_151_x53_d55]
JUNOS ex modules [20161230.114620_builder_junos_151_x53_d55]
JUNOS Data Plane Crypto Support [20161230.114620_builder_junos_151_x53_d55]
JUNOS mtx Data Plane Crypto Support [20161230.114620_builder_junos_151_x53_d55]
JUNOS daemons [20161230.114620_builder_junos_151_x53_d55]
JUNOS Packet Forwarding Engine Support (EX34XX) [20161230.114620_builder_junos_151_x53_d55]
JUNOS jdocs ex [20161230.114620_builder_junos_151_x53_d55]
JUNOS jail runtime [20161226.342161_builder_head]
JUNOS FIPS mode utilities [20161230.114620_builder_junos_151_x53_d55]
KERNEL JNPR-11.0-20161226.342161_builder_head #0 r342161 built by builder on Mon Dec 2
MGD release 15.1X53-D55.5 built by builder on 2016-12-30 12:43:28 UTC
CLI release 15.1X53-D55.5 built by builder on 2016-12-30 12:28:34 UTC
RPD release 15.1X53-D55.5 built by builder on 2016-12-30 12:45:39 UTC
CHASSISD release 15.1X53-D55.5 built by builder on 2016-12-30 12:44:46 UTC
JLAUNCHD release 15.1X53-D55.5 built by builder on 2016-12-30 12:22:39 UTC
KMD release 15.1X53-D55.5 built by builder on 2016-12-30 12:32:26 UTC
PKID release 15.1X53-D55.5 built by builder on 2016-12-30 12:33:07 UTC
SENDD release 15.1X53-D55.5 built by builder on 2016-12-30 12:29:47 UTC
DFWD release 15.1X53-D55.5 built by builder on 2016-12-30 12:34:33 UTC
DCD release 15.1X53-D55.5 built by builder on 2016-12-30 12:42:38 UTC
SNMPD release 15.1X53-D55.5 built by builder on 2016-12-30 12:42:20 UTC
MIB2D release 15.1X53-D55.5 built by builder on 2016-12-30 12:41:45 UTC
VRRPD release 15.1X53-D55.5 built by builder on 2016-12-30 12:41:11 UTC
ALARMD release 15.1X53-D55.5 built by builder on 2016-12-30 12:33:14 UTC
PFED release 15.1X53-D55.5 built by builder on 2016-12-30 12:38:25 UTC
SAMPLED release 15.1X53-D55.5 built by builder on 2016-12-30 12:41:04 UTC
SRRD release 15.1X53-D55.5 built by builder on 2016-12-30 12:32:03 UTC
RMOPD release 15.1X53-D55.5 built by builder on 2016-12-30 12:33:11 UTC
COSD release 15.1X53-D55.5 built by builder on 2016-12-30 12:41:13 UTC
FUD release 15.1X53-D55.5 built by builder on 2016-12-30 12:41:44 UTC
KSYNCD release 15.1X53-D55.5 built by builder on 2016-12-30 12:31:05 UTC
HTTPD-GK release 15.1X53-D55.5 built by builder on 2016-12-30 12:41:30 UTC
RDD release 15.1X53-D55.5 built by builder on 2016-12-30 12:31:50 UTC
LACPD release 15.1X53-D55.5 built by builder on 2016-12-30 12:37:12 UTC
LFMD release 15.1X53-D55.5 built by builder on 2016-12-30 12:31:10 UTC
OAMD release 15.1X53-D55.5 built by builder on 2016-12-30 12:31:48 UTC
CFMD release 15.1X53-D55.5 built by builder on 2016-12-30 12:33:44 UTC
JDHCPD release 15.1X53-D55.5 built by builder on 2016-12-30 12:35:58 UTC
SSD release 15.1X53-D55.5 built by builder on 2016-12-30 12:32:04 UTC
AUTHD release 15.1X53-D55.5 built by builder on 2016-12-30 12:32:59 UTC
BDBREPD release 15.1X53-D55.5 built by builder on 2016-12-30 12:30:07 UTC
SHM-RTSDBD release 15.1X53-D55.5 built by builder on 2016-12-30 12:41:45 UTC
DATAPATH-TRACED release 15.1X53-D55.5 built by builder on 2016-12-30 12:30:18 UTC
SMID release 15.1X53-D55.5 built by builder on 2016-12-30 12:31:58 UTC
SFLOWD release 15.1X53-D55.5 built by builder on 2016-12-30 12:32:11 UTC
UFDD release 15.1X53-D55.5 built by builder on 2016-12-30 12:32:12 UTC
PPMD release 15.1X53-D55.5 built by builder on 2016-12-30 12:38:27 UTC
LRMUXD release 15.1X53-D55.5 built by builder on 2016-12-30 12:42:48 UTC
BFDD release 15.1X53-D55.5 built by builder on 2016-12-30 12:33:42 UTC
SDXD release 15.1X53-D55.5 built by builder on 2016-12-30 12:29:47 UTC
AUDITD release 15.1X53-D55.5 built by builder on 2016-12-30 12:29:57 UTC
L2ALD release 15.1X53-D55.5 built by builder on 2016-12-30 12:36:53 UTC
EVENTD release 15.1X53-D55.5 built by builder on 2016-12-30 12:34:57 UTC
L2CPD release 15.1X53-D55.5 built by builder on 2016-12-30 12:37:08 UTC
MCSNOOPD release 15.1X53-D55.5 built by builder on 2016-12-30 12:43:50 UTC
MPLSOAMD release 15.1X53-D55.5 built by builder on 2016-12-30 12:31:27 UTC
COMMITD release 15.1X53-D55.5 built by builder on 2016-12-30 12:43:05 UTC
JNUD release 15.1X53-D55.5 built by builder on 2016-12-30 12:36:40 UTC
LFMD release 15.1X53-D55.5 built by builder on 2016-12-30 12:31:10 UTC
DOT1XD release 15.1X53-D55.5 built by builder on 2016-12-30 12:32:30 UTC
SFLOWD release 15.1X53-D55.5 built by builder on 2016-12-30 12:32:11 UTC
VCCPD release 15.1X53-D55.5 built by builder on 2016-12-30 12:41:23 UTC
jroute-actions-dd release 15.1X53-D55.5 built by builder on 2016-12-30 12:24:06 UTC
jkernel-actions-dd release 15.1X53-D55.5 built by builder on 2016-12-30 12:25:13 UTC
ancpd-actions-dd release 15.1X53-D55.5 built by builder on 2016-12-30 12:17:31 UTC
aprobe-actions-dd release 15.1X53-D55.5 built by builder on 2016-12-30 12:17:39 UTC
apsd-actions-dd release 15.1X53-D55.5 built by builder on 2016-12-30 12:17:41 UTC
authd_cmd-actions-dd release 15.1X53-D55.5 built by builder on 2016-12-30 12:17:51 UTC
autoconfd_cmd-actions-dd release 15.1X53-D55.5 built by builder on 2016-12-30 12:17:44 UTC
bdbrepd_cmd-actions-dd release 15.1X53-D55.5 built by builder on 2016-12-30 12:18:10 UTC
cfm-actions-dd release 15.1X53-D55.5 built by builder on 2016-12-30 12:18:21 UTC
chassis_cmd-actions-dd release 15.1X53-D55.5 built by builder on 2016-12-30 12:18:49 UTC
clksyncd-actions-dd release 15.1X53-D55.5 built by builder on 2016-12-30 12:18:37 UTC
collector-actions-dd release 15.1X53-D55.5 built by builder on 2016-12-30 12:18:44 UTC
cos_cmd-actions-dd release 15.1X53-D55.5 built by builder on 2016-12-30 12:18:47 UTC
cpcdd_cmd-actions-dd release 15.1X53-D55.5 built by builder on 2016-12-30 12:18:49 UTC
dcd_cmd-actions-dd release 15.1X53-D55.5 built by builder on 2016-12-30 12:18:54 UTC
demuxd-actions-dd release 15.1X53-D55.5 built by builder on 2016-12-30 12:19:01 UTC
dfcd_cmd-actions-dd release 15.1X53-D55.5 built by builder on 2016-12-30 12:19:02 UTC
dot1xd-actions-dd release 15.1X53-D55.5 built by builder on 2016-12-30 12:19:09 UTC
dyn-sess-prof-actions-dd release 15.1X53-D55.5 built by builder on 2016-12-30 12:19:07 UTC
elmi-actions-dd release 15.1X53-D55.5 built by builder on 2016-12-30 12:19:08 UTC
essmd-actions-dd release 15.1X53-D55.5 built by builder on 2016-12-30 12:19:11 UTC
forwarding_options_cmd-actions-dd release 15.1X53-D55.5 built by builder on 2016-12-30 12:19:16 UTC
fsad-actions-dd release 15.1X53-D55.5 built by builder on 2016-12-30 12:19:19 UTC
gres-test-point-actions-dd release 15.1X53-D55.5 built by builder on 2016-12-30 12:19:19 UTC
httpd_cmd-actions-dd release 15.1X53-D55.5 built by builder on 2016-12-30 12:19:21 UTC
iccp_cmd-actions-dd release 15.1X53-D55.5 built by builder on 2016-12-30 12:19:21 UTC
ilmid-actions-dd release 15.1X53-D55.5 built by builder on 2016-12-30 12:19:25 UTC
jcrypto-actions-dd release 15.1X53-D55.5 built by builder on 2016-12-30 12:19:45 UTC
jcrypto_junos-actions-dd release 15.1X53-D55.5 built by builder on 2016-12-30 12:19:53 UTC
jddosd-actions-dd release 15.1X53-D55.5 built by builder on 2016-12-30 12:22:55 UTC
jdiameterd-actions-dd release 15.1X53-D55.5 built by builder on 2016-12-30 12:19:52 UTC
jkernel_cmd-actions-dd release 15.1X53-D55.5 built by builder on 2016-12-30 12:21:53 UTC
jpppd-actions-dd release 15.1X53-D55.5 built by builder on 2016-12-30 12:20:14 UTC
l2ald-actions-dd release 15.1X53-D55.5 built by builder on 2016-12-30 12:20:44 UTC
lldp-actions-dd release 15.1X53-D55.5 built by builder on 2016-12-30 12:20:54 UTC
macsec-actions-dd release 15.1X53-D55.5 built by builder on 2016-12-30 12:20:55 UTC
mcsnoop-actions-dd release 15.1X53-D55.5 built by builder on 2016-12-30 12:21:23 UTC
mo-actions-dd release 15.1X53-D55.5 built by builder on 2016-12-30 12:21:07 UTC
pccd-actions-dd release 15.1X53-D55.5 built by builder on 2016-12-30 12:21:31 UTC
pppd-actions-dd release 15.1X53-D55.5 built by builder on 2016-12-30 12:21:31 UTC
pppoed-actions-dd release 15.1X53-D55.5 built by builder on 2016-12-30 12:21:33 UTC
r2cpd-actions-dd release 15.1X53-D55.5 built by builder on 2016-12-30 12:21:41 UTC
rdd-actions-dd release 15.1X53-D55.5 built by builder on 2016-12-30 12:21:42 UTC
rmpsd-actions-dd release 15.1X53-D55.5 built by builder on 2016-12-30 12:21:49 UTC
services-actions-dd release 15.1X53-D55.5 built by builder on 2016-12-30 12:23:15 UTC
sflow-service-actions-dd release 15.1X53-D55.5 built by builder on 2016-12-30 12:22:03 UTC
stp-actions-dd release 15.1X53-D55.5 built by builder on 2016-12-30 12:22:21 UTC
subinfo-actions-dd release 15.1X53-D55.5 built by builder on 2016-12-30 12:22:19 UTC
transportd-actions-dd release 15.1X53-D55.5 built by builder on 2016-12-30 12:22:28 UTC
ufdd-actions-dd release 15.1X53-D55.5 built by builder on 2016-12-30 12:22:30 UTC
virtualchassis-actions-dd release 15.1X53-D55.5 built by builder on 2016-12-30 12:22:40 UTC
vlans-ng-actions-dd release 15.1X53-D55.5 built by builder on 2016-12-30 12:22:41 UTC
scpd-actions-dd release 15.1X53-D55.5 built by builder on 2016-12-30 12:21:52 UTC
sdpd-actions-dd release 15.1X53-D55.5 built by builder on 2016-12-30 12:21:58 UTC
spmd-actions-dd release 15.1X53-D55.5 built by builder on 2016-12-30 12:22:07 UTC
jdocs-actions-dd release 15.1X53-D55.5 built by builder on 2016-12-30 12:16:02 UTC
jkernel_dcp-actions-dd release 15.1X53-D55.5 built by builder on 2016-12-30 12:14:17 UTC
jkernel_esp-actions-dd release 15.1X53-D55.5 built by builder on 2016-12-30 12:14:21 UTC
jswitch_dcp_ng-actions-dd release 15.1X53-D55.5 built by builder on 2016-12-30 12:14:24 UTC


root@Tokyo-1> show system core-dumps no-forwarding

/var/crash/*core*: No such file or directory
/var/tmp/*core*: No such file or directory
/var/tmp/pics/*core*: No such file or directory
/var/crash/kernel.*: No such file or directory
/var/jails/rest-api/tmp/*core*: No such file or directory


root@Tokyo-1> show chassis alarms no-forwarding

No alarms currently active


root@Tokyo-1> show chassis hardware detail no-forwarding

Hardware inventory:
Item             Version  Part number  Serial number     Description
Chassis                                NV0216340016      EX3400-24T
Pseudo CB 0
Routing Engine 0          BUILTIN      BUILTIN           RE-EX3400-24T
  da0    1906 MB  USB DISK 2.0                           Nand Flash
FPC 0            REV 10   650-059888   NV0216340016      EX3400-24T
  CPU                     BUILTIN      BUILTIN           FPC CPU
  PIC 0          REV 10   BUILTIN      BUILTIN           24x10/100/1000 Base-T
  PIC 1          REV 10   650-059888   NV0216340016      2x40G QSFP
  PIC 2          REV 10   650-059888   NV0216340016      4x10G SFP/SFP+
Power Supply 0   REV 05   640-060603   1EDV6311968       JPSU-150W-AC-AFO
Fan Tray 0                                               Fan Module, Airflow Out (AFO)
Fan Tray 1                                               Fan Module, Airflow Out (AFO)


root@Tokyo-1> show system processes extensive no-forwarding

last pid:  4136;  load averages:  0.24,  0.27,  0.23  up 0+01:18:33    10:38:58
104 processes: 2 running, 100 sleeping, 1 zombie, 1 waiting

Mem: 437M Active, 183M Inact, 204M Wired, 77M Buf, 1090M Free
Swap:



  PID USERNAME  THR PRI NICE   SIZE    RES STATE   C   TIME    WCPU COMMAND
   11 root        2 155 ki31     0K    32K CPU0    0 144:45 171.44% idle
 4023 root        1  40    0 46580K 25216K select  0   0:00  15.89% cli
 4024 root        1  52    0   285M 21896K select  1   0:00   9.74% mgd
 3625 root        2  40    0   668M   235M select  0   7:53   8.30% fxpc
 4018 root        1  40    0   285M 21740K select  0   0:00   0.51% mgd
 3600 root        1  40    0   278M  6648K select  0   0:01   0.10% eventd
 3624 root        2   4    0 21596K  3660K kqread  1   0:20   0.05% lcmd
   12 root       18 -64    -     0K   288K WAIT    0   0:24   0.00% intr
    0 root       11 -16    0     0K   160K swapin  0   0:20   0.00% kernel
   13 root        3  -8    -     0K    48K -       0   0:16   0.00% geom
 3634 root        1  40    0   321M 24900K select  0   0:13   0.00% pfed
   14 root        4 -68    -     0K    64K -       0   0:12   0.00% usb
 3630 root        1  40    0   305M 13932K select  0   0:08   0.00% mib2d
 3632 root        1  40    0   303M 23004K select  0   0:06   0.00% l2ald
 3648 root        1  40    0   279M  7892K select  1   0:06   0.00% license-check
 3629 root        1  40    0   292M 16292K select  1   0:05   0.00% snmpd
 3617 root        1  40    0   348M 22216K select  0   0:04   0.00% chassisd
 3645 root        1  40    0   281M  4792K select  0   0:03   0.00% shm-rtsdbd
    2 root        1 -16    -     0K    16K -       0   0:02   0.00% rand_harvestq
 3636 root        1  40    0   287M 11552K select  0   0:02   0.00% cosd
 3631 root        1   4    0   307M 21600K kqread  0   0:02   0.00% rpd
 3622 root        1  40    0   274M  4376K select  1   0:01   0.00% irsd
 3774 root        1  40    0   285M 22376K select  0   0:01   0.00% mgd
  773 root        1  -8    -     0K    16K mdwait  0   0:01   0.00% md9
 3642 root        1   4    0   288M 12896K kqread  0   0:01   0.00% l2cpd
    6 root        1  -8    -     0K    16K jobque  0   0:01   0.00% task: mx25l flash
    5 root        2  -8    -     0K    32K -       0   0:01   0.00% cam
 3618 root        1  40    0   278M  6868K select  0   0:01   0.00% alarmd
    8 root        1 -16    -     0K    16K client  0   0:01   0.00% ifstate notify
   15 root        2 -16    -     0K    32K psleep  0   0:01   0.00% pagedaemon
 3650 root        1  40    0   286M 12440K select  1   0:01   0.00% dcd
 3773 root        1  40    0 46580K 24936K select  0   0:01   0.00% cli
   28 root        1 -16    -     0K    16K -       0   0:01   0.00% schedcpu
 3644 root        1  40    0   322M 41232K select  1   0:01   0.00% smid
 3619 root        1  40    0   285M 21260K select  0   0:01   0.00% mgd
  684 root        1  -8    -     0K    16K mdwait  0   0:01   0.00% md8
 3649 root        1   4    0   287M 11288K kqread  0   0:01   0.00% dot1xd
 3623 root        1   4  -20   279M  9396K kqread  1   0:00   0.00% vccpd
 3646 root        1  40    0   280M  8420K select  0   0:00   0.00% pkid
 3606 root        1   4    0 14672K  2264K kqread  1   0:00   0.00% jlaunchd
 1566 root        1  -8    -     0K    16K mdwait  0   0:00   0.00% md21
 3637 root        1  40    0   278M  9560K select  1   0:00   0.00% ppmd
    1 root        1   8    0 12360K   472K wait    0   0:00   0.00% init
 3641 root        1  40    0   301M 16444K select  1   0:00   0.00% dfcd
 3635 root        1  40    0   291M  8556K select  0   0:00   0.00% rmopd
 3638 root        1  40    0   288M 15652K select  1   0:00   0.00% dfwd
 3640 root        1  40    0   278M  8112K select  0   0:00   0.00% bfdd
   27 root        1 -16    -     0K    16K .       0   0:00   0.00% ddostasks
 3764 root        1  40    0 19604K  3984K select  1   0:00   0.00% sshd
 3717 root        1  40    0 14356K  1560K ttyin   0   0:00   0.00% getty
 3647 root        1   4    0   275M  5116K kqread  0   0:00   0.00% sflowd
 3628 root        1  40    0   278M  7280K select  0   0:00   0.00% craftd
 1120 root        1  -8    -     0K    16K mdwait  1   0:00   0.00% md14
 1174 root        1  -8    -     0K    16K mdwait  0   0:00   0.00% md15
   20 root        1  16    -     0K    16K syncer  0   0:00   0.00% syncer
 2269 root        1 -16    -     0K    16K select  0   0:00   0.00% devrt_kthread
 3699 root        1  40    -     0K    16K select  1   0:00   0.00% peerproxy80000010
 3643 root        1  40    0   276M  4384K select  0   0:00   0.00% mplsoamd
  212 root        1  -8    -     0K    16K mdwait  1   0:00   0.00% md2
 3620 root        1  40    0 17516K  2944K select  0   0:00   0.00% inetd
  119 root        1  -8    -     0K    16K mdwait  0   0:00   0.00% md1
 1446 root        1  -8    -     0K    16K mdwait  0   0:00   0.00% md19
    7 root        1  -8    -     0K    16K mdwait  0   0:00   0.00% md0
 3639 root        1  40    0   274M  3888K select  1   0:00   0.00% jflowd
 3767 root        1  16    0 14692K  2576K pause   0   0:00   0.00% csh
 3627 root        1  47    0 14840K  1856K select  1   0:00   0.00% tnetd
   18 root        1 -16    -     0K    16K psleep  0   0:00   0.00% bufdaemon
  630 root        1  -8    -     0K    16K mdwait  0   0:00   0.00% md7
   19 root        1  -4    -     0K    16K vlruwt  0   0:00   0.00% vnlru
 3661 root        1   8    0 14332K  1580K nanslp  0   0:00   0.00% cron
 1690 root        1  -8    -     0K    16K mdwait  0   0:00   0.00% md23
 1506 root        1  -8    -     0K    16K mdwait  1   0:00   0.00% md20
  827 root        1  -8    -     0K    16K mdwait  0   0:00   0.00% md10
 3633 root        1  45    0 14748K  1872K select  1   0:00   0.00% tnp.sntpd
  546 root        1  -8    -     0K    16K mdwait  0   0:00   0.00% md6
 3667 root        1   4    -     0K    16K select  1   0:00   0.00% peerproxy80000010
 4136 root        1  52    0 14980K  1952K CPU1    1   0:00   0.00% top
 4019 root        1   8    0 14712K  1772K wait    1   0:00   0.00% sh
 1386 root        1  -8    -     0K    16K mdwait  0   0:00   0.00% md18
 3257 root        1  -8    -     0K    16K mdwait  0   0:00   0.00% md24
 1626 root        1  -8    -     0K    16K mdwait  0   0:00   0.00% md22
  989 root        1  -8    -     0K    16K mdwait  0   0:00   0.00% md12
 3539 root        1  54    0 14500K  1456K select  1   0:00   0.00% casperd
 1326 root        1  -8    -     0K    16K mdwait  0   0:00   0.00% md17
  486 root        1  -8    -     0K    16K mdwait  0   0:00   0.00% md5
 1228 root        1  -8    -     0K    16K mdwait  0   0:00   0.00% md16
 3604 root        1   8    0 14464K  1448K wait    0   0:00   0.00% jlaunchhelperd
  933 root        1  -8    -     0K    16K mdwait  0   0:00   0.00% md11
 1066 root        1  -8    -     0K    16K mdwait  0   0:00   0.00% md13
   23 root        1 -16    -     0K    16K select  0   0:00   0.00% if_pic_listen0
  370 root        1  -8    -     0K    16K mdwait  0   0:00   0.00% md3
 3538 root        1  54    0 14500K  1408K select  1   0:00   0.00% casperd
  428 root        1  -8    -     0K    16K mdwait  0   0:00   0.00% md4
   22 root        1   4    -     0K    16K pfenoc  0   0:00   0.00% if_pfe_listen
   26 root        1   4    -     0K    16K purge_  1   0:00   0.00% kern_pir_proc
    9 root        1   4    -     0K    16K dump_r  1   0:00   0.00% kern_dump_proc
   17 root        1 155 ki31     0K    16K pgzero  0   0:00   0.00% pagezero
   21 root        1  40    -     0K    16K sleep   0   0:00   0.00% netdaemon
   24 root        1  16    -     0K    16K condsl  1   0:00   0.00% delayedexecd
   16 root        1  16    -     0K    16K psleep  0   0:00   0.00% vmdaemon
    3 root        1   8    -     0K    16K crypto  0   0:00   0.00% crypto
    4 root        1   8    -     0K    16K crypto  0   0:00   0.00% crypto returns
   10 root        1 -16    -     0K    16K audit_  0   0:00   0.00% audit



root@Tokyo-1> show pfe statistics error


Slot 0



root@Tokyo-1> show pfe statistics traffic

Packet Forwarding Engine traffic statistics:
    Input  packets:                    0                    0 pps
    Output packets:                    0                    0 pps
Packet Forwarding Engine local traffic statistics:
    Local packets input                 :                   13
    Local packets output                :                    0
    Software input control plane drops  :                    0
    Software input high drops           :                    0
    Software input medium drops         :                    0
    Software input low drops            :                    0
    Software output drops               :                    0
    Hardware input drops                :                    0
Packet Forwarding Engine local protocol statistics:
    HDLC keepalives            :                    0
    ATM OAM                    :                    0
    Frame Relay LMI            :                    0
    PPP LCP/NCP                :                    0
    OSPF hello                 :                    0
    OSPF3 hello                :                    0
    RSVP hello                 :                    0
    LDP hello                  :                    0
    BFD                        :                    0
    IS-IS IIH                  :                    0
    LACP                       :                    0
    ARP                        :                    0
    ETHER OAM                  :                    0
    Unknown                    :                    0
Packet Forwarding Engine hardware discard statistics:
    Timeout                    :                    0
    Truncated key              :                    0
    Bits to test               :                    0
    Data error                 :                    0
    Stack underflow            :                    0
    Stack overflow             :                    0
    Normal discard             :                    0
    Extended discard           :                    0
    Invalid interface          :                    0
    Info cell drops            :                    0
    Fabric drops               :                    0
Packet Forwarding Engine Input IPv4 Header Checksum Error and Output MTU Error statistics:
    Input Checksum             :                    0
    Output MTU                 :                    0


root@Tokyo-1> show chassis routing-engine no-forwarding

Routing Engine status:
  Slot 0:
    Current state                  Master
    Temperature                 37 degrees C / 98 degrees F
    CPU temperature             37 degrees C / 98 degrees F
    DRAM                      1951 MB
    Memory utilization          33 percent
    5 sec CPU utilization:
      User                       3 percent
      Background                 0 percent
      Kernel                     3 percent
      Interrupt                  1 percent
      Idle                      93 percent
    Model                          RE-EX3400-24T
    Serial ID                      BUILTIN
    Start time                     2018-01-17 09:20:25 UTC
    Uptime                         1 hour, 15 minutes, 58 seconds
    Last reboot reason             Router rebooted after a normal shutdown.
    Load averages:                 1 minute   5 minute  15 minute
                                       0.24       0.27       0.23


root@Tokyo-1> show chassis environment no-forwarding

Class Item                           Status     Measurement
Power FPC 0 Power Supply 0           OK
      FPC 0 Power Supply 1           Absent
Temp  FPC 0 CPU Sensor               OK         37 degrees C / 98 degrees F
      FPC 0 PSU Sensor               OK         31 degrees C / 87 degrees F
Fans  FPC 0 Fan Tray 0               OK         Spinning at normal speed
      FPC 0 Fan Tray 1               OK         Spinning at normal speed


root@Tokyo-1> show chassis firmware no-forwarding

Part                     Type       Version
FPC 0                    U-Boot     U-Boot 2016.01-rc1 (May 23 2016 - 08:45:58 -0700)  1.2.0
                         loader             FreeBSD/armv6 U-Boot loader 1.2
                         PIC0 CPLD0 4


root@Tokyo-1> show chassis fpc detail

Slot 0 information:
  State                               Online
  Total CPU DRAM                 1951 MB
  Start time                          2018-01-17 09:22:49 UTC
  Uptime                              1 hour, 16 minutes, 9 seconds


root@Tokyo-1> show system boot-messages  no-forwarding

GDB: debug ports: uart
GDB: current port: uart
KDB: debugger backends: ddb gdb ndb
KDB: current backend: ddb
Copyright (c) 1992-2015 The FreeBSD Project.
Copyright (c) 1979, 1980, 1983, 1986, 1988, 1989, 1991, 1992, 1993, 1994
	The Regents of the University of California. All rights reserved.
FreeBSD is a registered trademark of The FreeBSD Foundation.
FreeBSD JNPR-11.0-20161226.342161_builder_head #0 r342161: Mon Dec 26 01:21:37 PST 2016
    builder@feyrith.juniper.net:/volume/build/junos/occam/freebsd/head/20161226.builder.342161/obj/arm/juniper/kernels/JNPR-ARM-PRD/kernel arm
Juniper clang version 3.5.0 (tags/RELEASE_350/final)
CPU: Cortex A9-r3 rev 0 (Cortex-A core)
 Supported features: ARM_ISA THUMB2 JAZELLE THUMBEE ARMv4 Security_Ext
 WB disabled EABT branch prediction enabled
LoUU:2 LoC:2 LoUIS:2
Cache level 1:
 32KB/32B 4-way data cache WB Read-Alloc Write-Alloc
 32KB/32B 4-way instruction cache Read-Alloc
real memory  = 2147483648 (2048 MB)
avail memory = 2002575360 (1909 MB)
FreeBSD/SMP: Multiprocessor System Detected: 2 CPUs
Security policy loaded: Junos MAC/SDK (mac_sdk)
Security policy loaded: JUNOS MAC/privcheck (mac_privcheck)
Security policy loaded: MAC/veriexec (mac_veriexec)
Security policy loaded: Junos MAC/fips (mac_fips)
MAC/veriexec fingerprint module loaded: SHA1
MAC/veriexec fingerprint module loaded: SHA256
netisr_init: !debug_mpsafenet, forcing maxthreads from 2 to 1
random: entropy device external interface
Initializing DCF  platform properties ..
rts_sysconf_ifstate_init: registerd rtcb osd: slotid 2
Calling dcf_ng_hw_init for platform hw vecs initialization
ofwbus0: <Open Firmware Device Tree>
simplebus0: <Flattened device tree simple bus> on ofwbus0
mpcore0: <ARM Cortex-A9 MPCore> on simplebus0
bcmidm0: <Broadcom Interconnect Device Management (IDM)> mem 0x100000-0x1fffff on simplebus0
ihost_proc0: <Broadcom iHost PLL> mem 0x1000000-0x1000fff on simplebus0
l2cache0: <PL310 L2 cache controller> mem 0x1022000-0x1022fff irq 32 on mpcore0
l2cache0: Part number: 0x3, release: 0x8 (r3p2)
l2cache0: Warning: L2 Cache should not already be active; trying to de-activate and re-initialize...
l2cache0: L2 Cache enabled: 512KB/32B 16 ways
gic0: <ARM Generic Interrupt Controller> mem 0x1021000-0x1021fff,0x1020100-0x10201ff on mpcore0
gic0: pn 0x390, arch 0x1, rev 0x2, implementer 0x43b irqs 256
mp_tmr0: <ARM MPCore Timers> mem 0x1020200-0x10202ff,0x1020600-0x102061f irq 27,29 on mpcore0
Timecounter "MPCore" frequency 500000005 Hz quality 800
Event timer "MPCore" frequency 500000005 Hz quality 1000
cmic0: <Broadcom CMIC> mem 0x48000000-0x4803ffff irq 194 on ofwbus0
cmic0: called :bcm_cmic_attach,Dev Chip Id is 0x1b548:
bcmdmu0: <Broadcom BCM56XXX dmu> mem 0x3f000-0x3ffff on simplebus0
bcmmdio0: <Broadcom BCM56XXX MDIO> mem 0x32000-0x32fff irq 125 on simplebus0
bcmmdio0: MDIO bus running at freq: 2MHz
gmac0: <Broadcom-56340 GMAC> mem 0x22000-0x22fff irq 234 on simplebus0
bcmidm0:  chip dev id :0x1b548
miibus0: <MII bus> on gmac0
brgphy0: <BCM54616S 10/100/1000baseTX PHY> PHY 1 on miibus0
brgphy0:  10baseT, 10baseT-FDX, 100baseTX, 100baseTX-FDX, 1000baseT, 1000baseT-master, 1000baseT-FDX, 1000baseT-FDX-master, auto
ehci0: <BCMIPROC-USB-EHCI> mem 0x2a000-0x2bfff irq 117 on simplebus0
ehci0: called :bcmusb_ehci_attach,Dev Chip Id is 0x1b548:
usbus0: EHCI version 1.0
usbus0 on ehci0
gpio0: <Broadcom BCM56XXX GPIO controller> mem 0x60-0x15f irq 125 on simplebus0
gpiobus0: <GPIO bus> on gpio0
gpioc0: <GPIO controller> on gpio0
uart0: <16750 or compatible> mem 0x300-0x3ff irq 123 on simplebus0
uart0: console (9600,n,8,1)
uart0: [GIANT-LOCKED]
uart1: <16750 or compatible> mem 0x400-0x4ff irq 123 on simplebus0
uart1: [GIANT-LOCKED]
iichb0: <Broadcom iProc SMBus Controller> mem 0x38000-0x38fff irq 127 on simplebus0
iicbus0: <OFW I2C bus> on iichb0
iic0: <I2C generic I/O> on iicbus0
cpld0: <Juniper CPLD for iProc> at addr 0x31 on iicbus0
cpldbus0: <CPLD Functions> on cpld0
wdog0: <CPLD Watchdog Timer for iProc> on cpldbus0
oamctl0: <OAM Control using CPLD for iProc> on cpldbus0
fan0: <CPLD fan controller> on cpldbus0
fan1: <CPLD fan controller> on cpldbus0
resetctrl0: <I2C switch reset driver> on cpldbus0
iichb1: <Broadcom iProc SMBus Controller> mem 0x3b000-0x3bfff irq 128 on simplebus0
iicbus1: <OFW I2C bus> on iichb1
iic1: <I2C generic I/O> on iicbus1
iicswitch0: <I2C Switch/Multiplexer> at addr 0x70 on iicbus1
poe0: <POE> on iicswitch0
poe reset failed
rtc8564je_rtc0: <EPSON 8564JE Real Time Clock(RTC)> on iicswitch0
bcmcru0: <Broadcom BCM56XXX cru> mem 0x3e000-0x3efff on simplebus0
spi0: <Broadcom BCM56XXX SPI> mem 0x27000-0x27fff irq 102 on simplebus0
spibus0: <OFW SPI bus> on spi0
mx25l0: <M25Pxx Flash Family> at cs 0 on spibus0
mx25l0: mx25ll64, sector 65536 bytes, 128 sectors
cryptosoft0: <software crypto>
Initializing product: 169 ..
md0: Preloaded image </packages/sets/active/boot/os-kernel/contents.izo> 7975936 bytes at 0xc2858e7c
usbus0: 480Mbps High Speed USB v2.0
JUNOS procfs is initialized.
Timecounters tick every 10.000 msec
 Loading Redundant LT driver
Registered AMT tunnel Encap with UDP Tunnel!
###PCB Group initialized for udppcbgroup
###PCB Group initialized for tcppcbgroup
rts_init: registered inrtsock osd: slotid 3
ugen0.1: <Broadcom> at usbus0
uhub0: <Broadcom EHCI root HUB, class 9/0, rev 2.00/1.00, addr 1> on usbus0
Release APs
Kernel thread "wkupdaemon" (pid 25) exited prematurely.
Root mount waiting for: usbus0
uhub0: 2 ports with 2 removable, self powered
Root mount waiting for: usbus0
ugen0.2: <vendor 0x05e3> at usbus0
uhub1: <vendor 0x05e3 USB2.0 Hub, class 9/0, rev 2.00/85.37, addr 2> on usbus0
Root mount waiting for: usbus0
uhub1: 4 ports with 3 removable, self powered
Root mount waiting for: usbus0
Root mount waiting for: usbus0
ugen0.3: <vendor 0x13fe> at usbus0
umass0: <vendor 0x13fe USB DISK 2.0, class 0/0, rev 2.00/1.00, addr 3> on usbus0
umass0:  SCSI over Bulk-Only; quirks = 0x8100
umass0:0:0: Attached to scbus0
Trying to mount root from cd9660:/dev/md0.uzip []...
da0 at umass-sim0 bus 0 scbus0 target 0 lun 0
da0: < USB DISK 2.0 PMAP> Removable Direct Access SPC-4 SCSI device
da0: Serial Number 65006865EFE4EC26
da0: 40.000MB/s transfers
da0: 1910MB (3911680 512 byte sectors: 255H 63S/T 243C)
da0: quirks=0x3<NO_SYNC_CACHE,NO_6_BYTE>
random: unblocking device.


root@Tokyo-1> show system storage no-forwarding

Filesystem              Size       Used      Avail  Capacity   Mounted on
/dev/md0.uzip            18M        18M         0B      100%  /
devfs                   1.0K       1.0K         0B      100%  /dev
/dev/gpt/junos          1.3G       966M       291M       77%  /.mount
devfs                   1.0K       1.0K         0B      100%  /.mount/dev
/dev/md1.uzip            19M        19M         0B      100%  /.mount/packages/mnt/os-libs-11
/dev/md2.uzip            19M        19M         0B      100%  /.mount/packages/mnt/os-runtime
tmpfs                   1.1G        72K       1.1G        0%  /.mount/tmp
procfs                  4.0K       4.0K         0B      100%  /.mount/proc
/dev/md3.uzip           1.6M       1.6M         0B      100%  /.mount/packages/mnt/os-zoneinfo32-29d6bbbb
/dev/md4.uzip           4.6M       4.6M         0B      100%  /.mount/packages/mnt/py-extensions32-ac585f84
/dev/md5.uzip            13M        13M         0B      100%  /.mount/packages/mnt/py-base32-744cf31e
/dev/md6.uzip           6.1M       6.1M         0B      100%  /.mount/packages/mnt/os-crypto
/dev/md7.uzip           4.0M       4.0M         0B      100%  /.mount/packages/mnt/junos-net
/dev/md8.uzip            54M        54M         0B      100%  /.mount/packages/mnt/junos-libs
/dev/md9.uzip           284M       284M         0B      100%  /.mount/packages/mnt/junos-runtime
/dev/md10                18M        18M         0B      100%  /.mount/packages/mnt/jweb-ex32-7ecadc95
/var/jail/etc           1.3G       966M       291M       77%  /.mount/packages/mnt/jweb-ex32-7ecadc95/jail/var/etc
/var/jail/run           1.3G       966M       291M       77%  /.mount/packages/mnt/jweb-ex32-7ecadc95/jail/var/run
/var/jail/tmp           1.3G       966M       291M       77%  /.mount/packages/mnt/jweb-ex32-7ecadc95/jail/var/tmp
/var/tmp                1.3G       966M       291M       77%  /.mount/packages/mnt/jweb-ex32-7ecadc95/jail/var/tmp/uploads
devfs                   1.0K       1.0K         0B      100%  /.mount/packages/mnt/jweb-ex32-7ecadc95/jail/dev
/dev/md11                15M        15M         0B      100%  /.mount/packages/mnt/jweb-ex32-7ecadc95/jail/rt
/var/jail/jweb-app       1.3G       966M       291M      77%  /.mount/packages/mnt/jweb-ex32-7ecadc95/jail/var/jweb-app
/dev/md12                18M        18M         0B      100%  /.mount/packages/mnt/jweb-ex32-7ecadc95/jail/var/jweb-app/jweb-ex-app
/dev/md13.uzip          146K       146K         0B      100%  /.mount/packages/mnt/junos-libs-ex
/dev/md14.uzip           33M        33M         0B      100%  /.mount/packages/mnt/junos-runtime-ex
/dev/md15.uzip           29M        29M         0B      100%  /.mount/packages/mnt/junos-platform-ex
/dev/md16.uzip          420K       420K         0B      100%  /.mount/packages/mnt/junos-modules32-7d5dc562
/dev/md17.uzip          844K       844K         0B      100%  /.mount/packages/mnt/junos-modules-ex32-fb529958
/dev/md18.uzip          4.7M       4.7M         0B      100%  /.mount/packages/mnt/junos-dp-crypto-support32-e72743c0
/dev/md19.uzip           10M        10M         0B      100%  /.mount/packages/mnt/junos-dp-crypto-support-mtx32-929273a6
/dev/md20.uzip          7.1M       7.1M         0B      100%  /.mount/packages/mnt/junos-daemons32-64bf4baa
/dev/md21.uzip          126M       126M         0B      100%  /.mount/packages/mnt/jpfe-EX34XX32-9602c9cc
/dev/md22.uzip           11M        11M         0B      100%  /.mount/packages/mnt/jdocs-ex32-b6ca486e
/dev/md23.uzip          6.1M       6.1M         0B      100%  /.mount/packages/mnt/fips-mode32-eebc2288
tmpfs                   325M        17M       308M        5%  /.mount/mfs
/dev/md24                18M        18M         0B      100%  /.mount/packages/mnt/jweb-ex32-7ecadc95/jail/var/jweb-app/jweb-ex-app


root@Tokyo-1> show system virtual-memory no-forwarding

         Type InUse MemUse HighUse Requests  Size(s)
     openfirm   151     3K       -      232  16,32,64
      entropy     0     0K       -     1148  4096
         UART     8    21K       -        8  16,1024,8192
          USB    22    36K       -       28  16,32,64,128,256,512,2048,4096,8192,16384
       USBdev    15     2K       -       15  32,128,256
       DEVFS2   132     3K       -      227  16
       DEVFS3   370    93K       -      372  256
       DEVFS1   132    66K       -      135  512
        DEVFS    24     1K       -       25  16,64
       DEVFSP     0     0K       -    65148  32
  nullfs_hash     1   256K       -        1
  nullfs_node    26     1K       -       57  32
 nullfs_mount     5     1K       -        5  16
    pfs_nodes    36     5K       -       36  128
  pfs_vncache    36     2K       -       97  32
  tmpfs mount     2     1K       -        2  128
   tmpfs name   126     3K       -      246  16,32,64
geom_flashmap     0     0K       -        7  32,256
         GEOM   547    43K       -     3201  16,32,64,128,256,512,1024,16384
    geom_uzip    63   722K       -  1280860  32,64,128,256,512,1024,2048,4096,8192,16384,32768,65536
  isofs_mount    25     4K       -       25  128
   isofs_node  3657   458K       -     3657  128
      CAM SIM     2     1K       -        2  128
      CAM XPT    14     2K       -       61  16,32,128,256,512,1024,2048,65536
      CAM DEV     2     4K       -        4  2048
         cdev     4     1K       -        4  128
     filedesc    38    77K       -       78  16,2048,4096
        sigio     0     0K       -        7  32
     filecaps     0     0K       -        2  128
      kdtrace   275    49K       -     4315  64,256
         kenv    40     6K       -       58  16,32,64,256,4096
       kqueue    45    17K       -       45  16,64,128,256,1024
         proc        procK       -     args  53
        hhook    16     2K       -       24  16,128
      ithread    95    13K       -       95  16,64,256
       KTRACE   100    13K       -      100  128
      CAM CCB     0     0K       -    42932  2048
       linker   398  3106K       -     1099  16,32,64,128,256,1024,2048,4096,8192,16384,65536
     CAM path     3     1K       -       15  16
        lockf   121     7K       -    17438  32,64
   loginclass     3     1K       -        9  128
       devbuf  4880  9552K       -     5590  16,32,64,128,256,512,1024,2048,4096,8192,32768,65536
         temp  5087   329K       -    18063  16,32,64,128,256,512,1024,4096,8192,32768,65536
   CAM periph     4     1K       -       11  16,32,128
       module   262    17K       -      262  64,128
     mtx_pool     2     8K       -        2  4096
     netstack     1     1K       -        1  16
          osd   449     8K       -    12905  16
     pmchooks     1     1K       -        1  64
         pgrp    14     1K       -      105  64
      session    13     2K       -      101  128
         proc     2     1K       -        2  512
      subproc   240   462K       -     4280  256,4096
         cred    67    17K       -     1277  256
       plimit    25     7K       -     1110  256
      uidinfo     2     1K       -       13  64,128
    CAM queue     4     1K       -       10  16,256
       sysctl     0     0K       -   167838  16,32,64,128
    sysctloid  5223   169K       -     5269  16,32,64
    sysctltmp     0     0K       -     1545  32,64,256,512,1024
      tidhash     1     1K       -        1  1024
      callout     3  1124K       -        3
         umtx   368    35K       -      368  64,128
     p1003.1b     1     1K       -        1  16
          bus   964   114K       -     2661  16,32,64,128,256,1024
          bus         busK       -       sc  41
      devstat    30    61K       -       30  16,4096
 eventhandler    82     4K       -       82  32,64,128
         kobj    96   192K       -      369  2048
          Per         PerK       -      cpu  1
         rman    63     4K       -       69  16,32,64
         sbuf     1     1K       -     4705  16,32,64,128,256,512,1024,2048,4096,8192,16384,32768,65536
CAM dev queue     2     1K       -        2  64
    taskqueue    19     2K       -       19  16,128
       Unitno    15     1K       -     5273  16,64
         vmem     3    80K       -       11  256,4096,8192,16384,32768
     ioctlops     0     0K       -     3775  512,2048,4096
       select    62     4K       -       62  64
          iov     0     0K       -  4077982  16,32,64,128,512
          msg     4    25K       -        4  1024,4096,16384
          sem     4   101K       -        4  1024,4096
          shm     9    96K       -       19  4096,65536
          tty     3     2K       -        3  512
          pts     1     1K       -        1  128
     mbuf_tag     0     0K       -       91  32
        shmfd    22    13K       -       36  32,256,1024,4096
       soname   113    12K       -    51382  16,32,64,128
          pcb   319    94K       -     5173  16,32,64,256,512,1024,2048,4096
       biobuf   381   762K       -      643  2048
     vfscache     1   512K       -        1
   cl_savebuf     0     0K       -        7  32
     vfs_hash     1   256K       -        1
       vnodes     1     1K       -        1  128
        mount   482    14K       -      487  16,32,64,128,256
      scsi_da     0     0K       -       55  32
  vnodemarker     0     0K       -     2029  512
audit_evclass   187     3K       -      231  16
    ufs_mount     3    13K       -        3  256,4096,8192
    vm_pgdata     1   128K       -        1
      UMAHash     1     1K       -        1  256
  ddb_capture     1    64K       -        1  65536
     nexusdev     2     1K       -        2  16
          iic     0     0K       -   328478  16,32,64,128
      md_disk    25    50K       -       25  2048
       OAMCTL     1     1K       -        4  32
     ifdevice    12     3K       -       12  16,1024
       ifstat   244   239K       -      330  16,32,512,4096,8192
       rtdata     5    17K       -       18  32,8192
         ipfw    40    23K       -       88  16,32,64,256,1024,2048,4096
      ifmaddr    98     3K       -      100  16,32
       rtable   151    21K       -      170  16,32,512
       sysctl    23     6K       -       55  256,512,1024
       ifaddr    21     2K       -       23  32,64
       socket     2     1K       -        2  32
         mkey   393     7K       -    12619  16
      pfe_ipc     0     0K       -     4479  16,32,64,256,512,1024,2048,4096,8192
      ifstate  3596   137K       -     4881  16,64,128,512,1024,2048
     ifstrace  1626   206K       -     1626  64,128,512,1024
     itable16   732   130K       -      747  256
     itable32   533    34K       -      533  64
     itable64     1     1K       -        1  128
           lr     1     2K       -        1  2048
          pic     4     2K       -        4  32,256,1024
      pfestat    96    46K       -     1235  16,32,2048,4096
       gencfg   703    79K       -      955  16,32,64,128,512,1024,2048,8192
          jsr     2     1K       -        2  16
          idl     1     8K       -       61  32,128,1024,8192
       rtsmsg     0     0K       -      107  4096,8192
InterFaceBridgeDomain    24     3K       -       24 128
         mesh        meshK       -    group  28
   ifl_st_ctl    25     1K       -       26  16
 ifl_tlv_info    26     1K       -       26  16
        devrt    14   101K       -      142  32,64,256,2048,8192,16384
         ddos     7   265K       -        7  32,256,512,32768,65536
vpls_lc_instance     1     2K       -        1 2048
     ifa_list     6     1K       -        7  16
gresstatevarlog     1    96K       -        1
        jlock    56    10K       -      285
       crypto     1     1K       -        1  512
          DDI    14     1K       -       14
JFE statistics    11   105K       -       11 8192,16384
  ifl_idx_mgr     1     1K       -        1  64
        jlist     1     1K       -        1  32
    iflogical    65    14K       -       66  16,64,512
     iffamily    80    11K       -       82  16,32,128
    rtnexthop   175    23K       -      179  16,32,128
      metrics     4     1K       -        5
          STP    76    16K       -       79  16,128,512
     syncache     1     8K       -        1  8192
        rnode    76     2K       -       96  16,32
     tlv_stat     0     0K       -      162  16384
       rcache     4     8K       -        4  2048
Bridge Domain     4     2K       -        4  16,512
         bmeb    13   340K       -       14  16,32,64,256,512,2048,16384
  Export Host     2     2K       -        2  1024
  inpcbpolicy   102     2K       -     4715  16
  ipsecpolicy   204    51K       -     9430  256
      solaris 161586  7218K       -   163103 16,32,64,128,256,512,1024,2048,4096,8192,16384,32768,65536
          fbt 80029  5130K       -    80451  64
         KATS     0     0K       -       11  16,32,64,128
          SDT    22     1K       -       22  16,32
ITEM            SIZE     LIMIT     USED    FREE  REQUESTS
UMA Kegs:        192,        0,     123,      3,      123
UMA Zones:       280,        0,     123,      3,      123
UMA Slabs:        56,        0,    1302,     66,     1334
UMA RCntSlabs:    64,        0,     579,     51,      579
UMA Hash:        128,        0,      12,     19,       13
4 Bucket:         16,        0,      58,    950,    17697
6 Bucket:         24,        0,       0,      0,        0
8 Bucket:         32,        0,      38,    844,     4145
12 Bucket:        48,        0,       5,    583,       64
16 Bucket:        64,        0,      28,    539,     1559
32 Bucket:       128,        0,      29,    250,      275
64 Bucket:       256,        0,      62,    253,      968
128 Bucket:      512,        0,      48,     72,     1032
256 Bucket:     1024,        0,      91,     37,     2316
vmem btag:        28,        0,   14204,    340,    18857
VM OBJECT:       160,        0,    6953,    372,    61819
RADIX NODE:       48,   484092,   37319,   1069,   228971
MAP:             152,        0,       3,     75,        3
KMAP ENTRY:       80,        0,       5,    145,        5
MAP ENTRY:        80,        0,    5861,    889,   207957
VMSPACE:         248,        0,      52,    140,     4077
fakepg:           80,        0,   16396,    104,    16430
mt_zone:         272,        0,     319,     31,      319
16:               16,        0,  113533,    623,   485599
32:               32,        0,   23616,    702,  1038028
64:               64,        0,   89766,    576,  4458060
128:             128,        0,   42075,    178,   166131
256:             256,        0,    1307,    163,    25192
512:             512,        0,     356,     84,     9968
1024:           1024,        0,     195,     41,    37901
2048:           2048,        0,     564,     46,    97797
4096:           4096,        0,     360,      4,    13131
8192:           8192,        0,     302,      7,    42405
16384:         16384,        0,      39,     17,     6758
32768:         32768,        0,       8,      4,    28321
65536:         65536,        0,      29,      3,       72
64 pcpu:           8,        0,       9,    247,        9
ptr pcpu:          4,        0,       0,      0,        0
SLEEPQUEUE:       44,        0,     185,    382,      185
dma buffer 32:    32,        0,       0,      0,        0
dma buffer 64:    64,        0,       0,      0,        0
dma buffer 128:   128,        0,       0,      0,        0
dma buffer 256:   256,        0,       0,      0,        0
dma buffer 512:   512,        0,       0,      0,        0
dma buffer 1024:  1024,        0,       0,      0,        0
dma buffer 2048:  2048,        0,       0,      0,        0
dma buffer 4096:  4096,        0,       0,      0,        0
dma coherent 32:    32,        0,      11,    367,       19
dma coherent 64:    64,        0,       0,      0,        0
dma coherent 128:   128,        0,     129,    150,      129
dma coherent 256:   256,        0,     287,     28,      315
dma coherent 512:   512,        0,       6,     26,       15
dma coherent 1024:  1024,        0,      16,     12,       28
dma coherent 2048:  2048,        0,       6,      4,       18
dma coherent 4096:  4096,        0,       5,      0,        5
Files:            64,        0,     676,    647,   194135
filedesc0:      1056,        0,     106,     20,     4147
TURNSTILE:        72,        0,     185,     67,      185
rl_entry:         32,        0,     102,    528,      102
umtx pi:          52,        0,       0,      0,        0
Junos 48:         48,        0,     303,    285,      461
Junos 80:         80,        0,     674,     76,      902
Junos 96:         96,        0,     393,    111,      521
Junos 120:       120,        0,     767,    124,      836
Junos 160:       160,        0,     781,     94,      912
Junos 176:       176,        0,     146,     52,      451
Junos 208:       208,        0,     217,    106,      574
Junos 232:       232,        0,       6,    130,        8
Junos 240:       240,        0,       2,    126,       45
Junos 296:       296,        0,      39,     26,       43
jsocket:          24,        0,     391,    449,    12616
MAC labels:       20,        0,    5688,    170,    11388
PROC:            920,        0,     106,     26,     4146
THREAD:          848,        0,     167,     17,      167
cpuset:           40,        0,      90,    516,       91
audit_record:   1160,        0,       0,      0,        0
mbuf_packet:     256,    81930,     256,    756,    23532
mbuf:            256,    81930,      83,    690,   377537
mbuf_cluster:   2048,    12800,    1017,    113,    14740
mbuf_jumbo_page:  4096,     6400,       0,     14,      377
mbuf_jumbo_9k:  9216,     1896,       0,      0,        0
mbuf_jumbo_16k: 16384,     1066,       0,      0,        0
mbuf_ext_refcnt:     4,        0,       0,    756,      107
g_bio:           168,        0,       0,    264,   257706
ttyinq:          152,        0,      30,     48,       90
ttyoutq:         256,        0,      16,     59,       48
cryptop:          64,        0,       0,      0,        0
cryptodesc:       56,        0,       0,      0,        0
GENCFG:           72,  2000040,     169,    111,      189
VNODE:           288,        0,    5478,     38,     5880
VNODEPOLL:        60,        0,       0,      0,        0
BUF TRIE:         48,        0,    1106,   5950,    25737
NAMEI:          1024,        0,       0,     40,   254382
S VFS Cache:      72,        0,    5306,    238,     7566
STS VFS Cache:   116,        0,       0,      0,        0
L VFS Cache:     292,        0,     189,     19,      192
LTS VFS Cache:   336,        0,       0,      0,        0
procdesc:         76,        0,       0,      0,        0
pipe:            456,        0,      38,     50,     2701
Mountpoints:     688,        0,      37,     18,       37
ksiginfo:         80,        0,     118,    932,      318
itimer:          256,        0,       0,      0,        0
KNOTE:            72,        0,     187,    317,   114191
socket:          488,    62456,     391,     73,    12616
ipq:              52,      154,       0,      0,        0
udp_inpcb:       256,    62460,      23,    112,       48
tcp_inpcb:       256,    62460,      71,    184,     4659
tcpcb:           808,    62460,      70,     35,     4659
sackhole:         20,        0,       0,    606,        5
tcptw:            60,     8241,       1,    535,        8
syncache:        128,    15376,       0,    279,       46
tcpreass:         20,      808,       0,    404,        4
ripcb:           256,    62460,       9,    126,        9
unpcb:           176,    62458,     181,    127,     7524
selfd:            32,        0,     325,    809, 33131644
SWAPMETA:        280,   244860,       0,      0,        0
FFS inode:       128,        0,    1553,     90,     1823
FFS1 dinode:     128,        0,       0,      0,        0
FFS2 dinode:     256,        0,    1553,     97,     1823
TMPFS dirent:     36,        0,       4,    556,       25
TMPFS node:      184,        0,       5,    121,       26
TMPFS dirent:     36,        0,     122,    438,      140
TMPFS node:      184,        0,     123,     66,      141
dtrace_state_cache:   224,        0,       0,      0,        0
taskq_zone:       24,        0,       0,      0,        0
  9289285 cpu context switches
  4246122 device interrupts
  1279511 software interrupts
   520673 traps
 61168891 system calls
       55 kernel threads created
     3417  fork() calls
      674 vfork() calls
        0 rfork() calls
        0 swap pager pageins
        0 swap pager pages paged in
        0 swap pager pageouts
        0 swap pager pages paged out
    33187 vnode pager pageins
    33187 vnode pager pages paged in
       66 vnode pager pageouts
      666 vnode pager pages paged out
        0 page daemon wakeups
   784367 pages examined by the page daemon
        0 pages reactivated
   164264 copy-on-write faults
      120 copy-on-write optimized faults
   243967 zero fill pages zeroed
    12370 zero fill pages prezeroed
      868 intransit blocking page faults
   481480 total VM faults taken
    32873 page faults requiring I/O
        0 pages affected by kernel thread creation
 10477407 pages affected by  fork()
  2226135 pages affected by vfork()
        0 pages affected by rfork()
   763616 pages freed
        0 pages freed by daemon
   234087 pages freed by exiting process
   112007 pages active
    46953 pages inactive
        0 pages in VM cache
    52183 pages wired down
   278556 pages free
     4096 bytes per page
   648537 total name lookups
           cache hits (94% pos + 3% neg) system 0% per-directory
           deletions 0%, falsehits 0%, toolong 0%
interrupt                          total       rate
irq0: ipi                         930847        197
irq3: ipi                             32          0
irq6: ipi                            130          0
irq29: mp_tmr0                   3008428        638
irq117: ehci0                     236838         50
irq123: uart0                        809          0
irq127: iichb0                     64256         14
irq128: iichb1                      5531          1
irq234: gmac0                       6483          1
Total                            4253354        902
vm.kmem_map_free: 168304640


root@Tokyo-1> show system buffer no-forwarding

261/1524/1785 mbufs in use (current/cache/total)
261/869/1130/12800 mbuf clusters in use (current/cache/total/max)
256/756 mbuf+clusters out of packet secondary zone in use (current/cache)
0/14/14/6400 4k (page size) jumbo clusters in use (current/cache/total/max)
0/0/0/1896 9k jumbo clusters in use (current/cache/total/max)
0/0/0/1066 16k jumbo clusters in use (current/cache/total/max)
587K/2175K/2762K bytes allocated to network (current/cache/total)
0/0/0 requests for mbufs denied (mbufs/clusters/mbuf+clusters)
0/0/0 requests for jumbo clusters denied (4k/9k/16k)
0/29/1312 sfbufs in use (current/peak/max)
0 requests for sfbufs denied
0 requests for sfbufs delayed
0 requests for I/O initiated by sendfile


root@Tokyo-1> show system queues no-forwarding

output interface            bytes          max  packets      max    drops
lsi                             0        12500        0       41        0
dsc                             0            0        0        0        0
lo0                             0            0        0        0        0
gre                             0        12500        0       41        0
ipip                            0        12500        0       41        0
tap                             0            0        0        0        0
pime                            0        12500        0       41        0
pimd                            0        12500        0       41        0
me0                             0     12500000        0    12800        2
mtun                            0        12500        0       41        0
bme0                            0            0        0        0        0
vme                             0     12500000        0    12800        0
irb                             0     12500000        0    12800        0
vtep                            0     12500000        0    12800        0
esi                             0     12500000        0    12800        0
cbp0                            0     12500000        0    12800        0
pip0                            0     12500000        0    12800        0
jsrv                            0     12500000        0    12800        0
pfh-0/0/0                       0            0        0        0        0
pfe-0/0/0                       0            0        0        0        0
ge-0/0/0                        0      1250000        0     4166        0
ge-0/0/1                        0      1250000        0     4166        0
ge-0/0/2                        0      1250000        0     4166        0
ge-0/0/3                        0      1250000        0     4166        0
ge-0/0/4                        0      1250000        0     4166        0
ge-0/0/5                        0      1250000        0     4166        0
ge-0/0/6                        0      1250000        0     4166        0
ge-0/0/7                        0      1250000        0     4166        0
ge-0/0/8                        0      1250000        0     4166        0
ge-0/0/9                        0      1250000        0     4166        0
ge-0/0/10                       0      1250000        0     4166        0
ge-0/0/11                       0      1250000        0     4166        0
ge-0/0/12                       0      1250000        0     4166        0
ge-0/0/13                       0      1250000        0     4166        0
ge-0/0/14                       0      1250000        0     4166        0
ge-0/0/15                       0      1250000        0     4166        0
ge-0/0/16                       0      1250000        0     4166        0
ge-0/0/17                       0      1250000        0     4166        0
ge-0/0/18                       0      1250000        0     4166        0
ge-0/0/19                       0      1250000        0     4166        0
ge-0/0/20                       0      1250000        0     4166        0
ge-0/0/21                       0      1250000        0     4166        0
ge-0/0/22                       0      1250000        0     4166        0
ge-0/0/23                       0      1250000        0     4166        0
input protocol              bytes          max  packets      max    drops
splfwdq                         0      1000000        0     1000        0
splnetq                         0      1000000        0     1000        0
arpintrq                        0         3000        0       50        0
optionq                         0       200000        0      200        0
icmpq                           0        50000        0       50        0
spppintrq                       0        25000        0     1000        0
atmoamq                         0            0        0        0        0
tnpintrq                        0      1250000        0     4166        0
tagintrq                        0       200000        0      200        0
tagfragq                        0       200000        0      200        0


root@Tokyo-1> show system statistics no-forwarding

Tcp:
         77479 packets sent
                 5098 data packets (2809573 bytes)
                 2 data packets retransmitted (2896 bytes)
                 0 resends initiated by MTU discovery
                 67760 ack only packets (2313 packets delayed)
                 0 URG only packets
                 0 window probe packets
                 7 window update packets
                 9165 control packets
         147041 packets received
                 4313 acks(for 2800097 bytes)
                 129142 duplicate acks
                 0 acks for unsent data
                 4797  packets received in-sequence(2396039 bytes)
                 64586 completely duplicate packets(36 bytes)
                 0 old duplicate packets
                 0 packets with some duplicate data(0 bytes duped)
                 4 out-of-order packets(144 bytes)
                 0 packets of data after window(0 bytes)
                 0 window probes
                 89 window update packets
                 10 packets received after close
                 0 discarded for bad checksums
                 0 discarded for bad header offset fields
                 0 discarded because packet too short
         4577 connection requests
         46 connection accepts
         0 bad connection attempts
         0 listen queue overflows
         81 connections established (including accepts)
         4593 connections closed (including 8 drops)
                 4 connections updated cached RTT on close
                 4 connections updated cached RTT variance on close
                 3 connections updated cached ssthresh on close
         4542 embryonic connections dropped
         4313 segments updated rtt(of 8576 attempts)
         2 retransmit timeouts
                 0 connections dropped by retransmit timeout
         0 persist timeouts
                 0 connections dropped by persist timeout
         64585 keepalive timeouts
                 64585 keepalive probes sent
                 0 connections dropped by keepalive
         2462 correct ACK header predictions
         3438 correct data packet header predictions
         46 syncache entries added
                 0 retransmitted
                 0 dupsyn
                 0 dropped
                 46 completed
                 0 bucket overflow
                 0 cache overflow
                 0 reset
                 0 stale
                 0 aborted
                 0 badack
                 0 unreach
                 0 zone failures
         0 cookies sent
         0 cookies received
         3 SACK recovery episodes
         6 segment retransmits in SACK recovery episodes
         8688 byte retransmits in SACK recovery episodes
         33 SACK options (SACK blocks) received
         2 SACK options (SACK blocks) sent
         0 SACK scoreboard overflow
         0 ACKs sent in response to in-window but not exact RSTs
         0 ACKs sent in response to in-window SYNs on established connections
         0 rcv packets dropped by TCP due to bad address
         0 out-of-sequence segment drops due to insufficient memory
         4552 RST packets
         0 ICMP packets ignored by TCP
         0 send packets dropped by TCP due to auth errors
         0 rcv packets dropped by TCP due to auth errors
         0 outgoing segments dropped due to policing
udp:
         2894 datagrams received
         0 with incomplete header
         0 with bad data length field
         0 with bad checksum
         1786 dropped due to no socket
         1786 broadcast/multicast datagrams dropped due to no socket
         0 dropped due to full socket buffers
         0 not for hashed pcb
         4294966618 delivered
         1115 datagrams output
ip:
         3812 total packets received
         0 bad header checksums
         0 with size smaller than minimum
         0 with data size < data length
         0 with header length < data size
         0 with data length < header length
         0 with incorrect version number
         0 packets destined to dead next hop
         0 fragments received
         0 fragments dropped (dup or out of space)
         0 fragments dropped (queue overflow)
         0 fragments dropped after timeout
         0 fragments dropped due to over limit
         0 packets reassembled ok
         149948 packets for this host
         12 packets for unknown/unsupported protocol
         0 packets forwarded
         0 packets not forwardable
         0 redirects sent
         147732 packets sent from this host
         0 packets sent with fabricated ip header
         0 output packets dropped due to no bufs
         8 output packets discarded due to no route
         0 output datagrams fragmented
         0 fragments created
         0 datagrams that can't be fragmented
         0 packets with bad options
         44 packets with options handled without error
         0 strict source and record route options
         0 loose source and record route options
         0 record route options
         0 timestamp options
         0 timestamp and address options
         0 timestamp and prespecified address options
         0 option packets dropped due to rate limit
         44 router alert options
         0 multicast packets dropped (no iflist)
         0 packets dropped (src and int don't match)
         0 transit re packets dropped on mgmt i/f
         0 packets used first nexthop in ecmp unilist
         13 incoming ttpoip packets received
         0 incoming ttpoip packets dropped
         0 outgoing TTPoIP packets sent
         0 outgoing TTPoIP packets dropped
         0 raw packets dropped. no space in socket recv buffer
         0 packets consumed by virtual-node processing
icmp:
         0 drops due to rate limit
         0 calls to icmp_error
         0 errors not generated because old message was icmp
         0 messages with bad code fields
         0 messages less than the minimum length
         0 messages with bad checksum
         0 messages with bad source address
         0 messages with bad length
         0 echo drops with broadcast or multicast destinaton address
         0 timestamp drops with broadcast or multicast destination address
         0 message responses generated
raw_if:
         0 RAW packets transmitted
         0 PPPOE packets transmitted
         0 ISDN packets transmitted
         0 DIALER packets transmitted
         0 PPP packets transmitted to pppd
         0 PPP packets transmitted to jppd
         0 IGMPL2 packets transmitted
         0 MLDL2 packets transmitted
         0 Fibre Channel packets transmitted
         0 FIP packets transmitted
         0 STP packets transmitted
         0 LACP packets transmitted
         0 VCCP packets transmitted
         0 Fabric OAM packets transmitted
         0 VCCP packets transmitted
         0 output drops due to tx error
         0 MPU packets transmitted
         0 PPPOE packets received
         0 ISDN packets received
         0 DIALER packets received
         0 PPP packets received from pppd
         0 MPU packets received
         0 PPP packets received from jppd
         0 IGMPL2 packets received
         0 MLDL2 packets received
         0 Fibre Channel packets received
         0 FIP packets received
         10 STP packets received
         0 LACP packets received
         0 VCCP packets received
         0 Fabric OAM packets received
         0 VCCP packets received
         0 Fibre Channel packets dropped
         0 FIP packets dropped
         0 STP packets dropped
         0 LACP packets dropped
         0 Fabric OAM packets dropped
         0 VCCP packets dropped
         0 Input drops due to bogus protocol
         0 input drops due to no mbufs available
         0 input drops due to no space in socket
         0 input drops due to no socket
arp:
         37 datagrams received
         2 ARP requests received
         0 ARP replies received
         0 resolution request  received
         0 unrestricted proxy requests
         0 restricted proxy requests
         0 received proxy requests
         0 unrestricted proxy requests not proxied
         0 restricted proxy requests not proxied
         0 datagrams with bogus interface
         0 datagrams with incorrect length
         0 datagrams for non-IP protocol
         0 datagrams with unsupported op code
         0 datagrams with bad protocol address length
         0 datagrams with bad hardware address length
         0 datagrams with multicast source address
         0 datagrams with multicast target address
         0 datagrams with my own hardware address
         0 datagrams for an address not on the interface
         0 datagrams with a broadcast source address
         0 datagrams with source address duplicate to mine
         35 datagrams which were not for me
         0 packets discarded waiting for resolution
         0 packets sent after waiting for resolution
         7 ARP requests sent
         2 ARP replies sent
         0 requests for memory denied
         0 requests dropped on entry
         0 requests dropped during retry
         0 requests dropped due to interface deletion
         0 requests on unnumbered interfaces
         0 new requests on unnumbered interfaces
         0 replies for from unnumbered interfaces
         0 requests on unnumbered interface with non-subnetted donor
         0 replies from unnumbered interface with non-subnetted donor
         0 arp packets rejected as family is configured with deny arp
         0 arp response packets are rejected on mace icl interface
         0 arp replies are rejected as source and destination is same
         0 arp probe for proxy address reachable from the incoming interface
         0 arp request discarded for vrrp source address
         0 self arp request packet received on irb interface
         0 proxy arp request discarded as source ip is a proxy target
         0 arp packets are dropped as nexthop allocation failed
         0 arp packets received from peer vrrp rotuer and discarded
         0 arp packets are rejected as target ip arp resolve is in progress
         0 grat arp packets are ignored as mac address is not changed
         0 arp packets are dropped from peer vrrp
         0 arp packets are dropped as driver call failed
         0 arp packets are dropped as source is not validated
ip6:
         0 total packets received
         0 packets with size smaller than minimum
         0 packets with data size < data length
         0 packets with bad options
         0 packets with incorrect version number
         0 fragments received
         0 fragments dropped (dup or out of space)
         0 fragments dropped after timeout
         0 fragments that exceeded limit
         0 packets reassembled ok
         0 packets for this host
         0 packets forwarded
         0 packets not forwardable
         0 redirects sent
         0 packets sent from this host
         0 packets sent with fabricated ip header
         0 output packets dropped due to no bufs, etc.
         0 output packets discarded due to no route
         0 output datagrams fragmented
         0 fragments created
         0 datagrams that can't be fragmented
         0 packets that violated scope rules
         0 multicast packets which we don't join
         0 packets whose headers are not continuous
         0 tunneling packets that can't find gif
         0 packets discarded due to too may headers
         0 failures of source address selection
         0 forward cache hit
         0 forward cache miss
         0 Packets destined to dead next hop
         0 option packets dropped due to rate limit
         0 Packets dropped (src and int don't match)
         0 packets dropped due to bad protocol
         0 transit re packet(null) dropped on mgmt i/f
 icmp6:
         0 Calls to icmp_error
         0 Errors not generated because old message was icmp error
         0 Errors not generated because rate limitation
         0 Messages with bad code fields
         0 Messages < minimum length
         0 Bad checksums
         0 Messages with bad length
         Histogram of error messages to be generated:
                 0 No route
                 0 Administratively prohibited
                 0 Beyond scope
                 0 Address unreachable
                 0 Port unreachable
                 0 Time exceed transit
                 0 Time exceed reassembly
                 0 Erroneous header field
                 0 Unrecognized next header
                 0 Unrecognized option
                 0 Unknown
         0 Message responses generated
         0 Messages with too many ND options
         75000 Max System ND nh cache limit
         59840 Max Public ND nh cache limit
         200 Max IRI ND nh cache limit
         14960 Max Management intf ND nh cache limit
         0 Current Public ND nexthops present
         0 Current IRI ND nexthops present
         0 Current Management ND nexthops present
         0 Total ND nexthops creation failed as limit reached
         0 Public ND nexthops creation failed as public limit reached
         0 IRI ND nexthops creation failed as iri limit reached
         0 Management ND nexthops creation failed as mgt limit reached
pfkey:
         2 Requests sent from userland
         104 Bytes sent from userland
         histogram by message type:
                 1 reserved
                 1 dump
         0 Messages with invalid length field
         0 Messages with invalid version field
         0 Messages with invalid message type field
         0 Messages too short
         0 Messages with memory allocation failure
         0 Messages with duplicate extension
         0 Messages with invalid extension type
         0 Messages with invalid sa type
         0 Messages with invalid address extension
         2 Requests sent to userland
         104 Bytes sent to userland
         histogram by message type:
                 1 reserved
                 1 dump
         0 Messages toward single socket
         0 Messages toward all sockets
         0 Messages toward registered sockets
         0 Messages with memory allocation failure
clnl:
         0 Total packets received
         0 Packets delivered
         0 Too small packets
         0 Packets with bad header length
         0 Packets with bad checksum
         0 Bad version packets
         0 Unknown or unsupported protocol packets
         0 Packets with bogus sdl size
         0 No free memory in socket buffer
         0 Send packets discarded
         0 Sbappend failure
         0 Mcopy failure
         0 Address fields were not reasonable
         0 Segment information forgotten
         0 Forwarded packets
         0 Total packets sent
         0 Output packets discarded
         0 Non-forwarded packets
         0 Packets fragmented
         0 Fragments sent
         0 Fragments discarded
         0 Fragments timed out
         0 Fragmentation prohibited
         0 Packets reconstructed
         0 Packets destined to dead nexthop
         0 Packets discarded due to no route
         0 Error pdu rate drops
         0 ER pdu generation failure
esis:
         0 Total pkts received
         0 Total packets consumed by protocol
         0 Pdus received with bad checksum
         0 Pdus received with bad version number
         0 Pdus received with bad type field
         0 Short pdus received
         0 Pdus withbogus sdl size
         0 Pdus with bad header length
         0 Pdus with unknown or unsupport protocol
         0 No free memory in socket buffer
         0 Send packets discarded
         0 Sbappend failure
         0 Mcopy failure
         0 ISO family not configured
tnp:
         0 Unicast packets received
         0 Broadcast packets received
         0 Fragmented packets received
         0 Hello packets dropped
         0 Fragments dropped
         0 Fragment reassembly queue flushes
         0 Packets with tnp src address collision received
         0 Hello packets received
         0 Control packets received
         0 Rdp packets received
         0 Udp packets received
         0 Tunnel packets received
         0 Input packets discarded with no protocol
         0 Packets of version unspecified received
         0 Packets of version 1 received
         0 Packets of version 2 received
         0 Packets of version 3 received
         0 Unicast packets sent
         0 Broadcast packets sent
         0 Fragmented packets sent
         0 Hello packets dropped
         0 Fragments dropped
         0 Hello packets sent
         0 Control packets sent
         0 Rdp packets sent
         0 Udp packets sent
         0 Tunnel packets sent
         0 Packets sent with unknown protocol
         0 Packets of version unspecified sent
         0 Packets of version 1 sent
         0 Packets of version 2 sent
         0 Packets of version 3 sent
rdp:
         0 Input packets
         0 Packets discarded for bad checksum
         0 Packets discarded due to bad sequence number
         0 Refused connections
         0 Acks received
         0 Packets dropped due to full socket buffers
         0 Retransmits
         0 Output packets
         0 Acks sent
         0 Connects
         0 Closes
         0 Keepalives received
         0 Keepalives sent
tudp:
         0 Datagrams received
         0 Datagrams with incomplete header
         0 Datagrams with bad data length field
         0 Datagrams with bad checksum
         0 Datagrams dropped due to no socket
         0 Broadcast/multicast datagrams dropped due to no socket
         0 Datagrams dropped due to full socket buffers
         0 Delivered
         0 Datagrams output
ttp:
         0 Packets sent
         0 Packets sent while unconnected
         0 Packets sent while interface down
         0 Packets sent couldn't get buffer
         0 Packets sent couldn't find neighbor
         0 Packets sent when transmit is disable
         0 Packets sent when host unreachable
         0 L3 Packets sent could not get buffer
         0 L3 Packets dropped
         0 Packets sent with bad logical interface
         0 Packets sent with bad address family
         13 L2 packets received
         0 Unknown L3 packets received
         0 IPv4 L3 packets received
         0 MPLS L3 packets received
         0 MPLS->IPV4 L3 packets received
         0 IPv4->MPLS L3 packets received
         0 IPv6 L3 packets received
         0 ARP L3 packets received
         0 CLNP L3 packets received
         0 TNP L3 packets received
         0 NULL L3 packets received
         0 Cyclotron cycle L3 packets received
         0 Cyclotron send L3 packets received
         0 Openflow packets received
         0 Packets received while unconnected
         0 Packets received from unknown ifl
         0 Input packets couldn't get buffer
         0 Input packets with bad type
         0 Input packets with discard type
         0 Input packets with too many tlvs
         0 Input packets with bad tlv header
         0 Input packets with bad tlv type
         0 Input packets dropped based on tlv result
         0 Input packets with bad address family
         0 Input packets for which rt lookup is bypassed
mpls:
         0 Total MPLS packets received
         0 Packets forwarded
         0 Packets dropped
         0 Packets with header too small
         0 After tagging, packets can't fit link MTU
         0 Packets with IPv4 explicit NULL tag
         0 Packets with IPv4 explicit NULL cksum errors
         0 Packets with router alert tag
         0 LSP ping packets (ttl-expired/router alert)
         0 Packets with ttl expired
         0 Packets with tag encoding error
         0 Packets discarded due to no route
         0 Packets used first nexthop in ecmp unilist
vpls:
         0 Total packets received
         0 Packets with size smaller than minimum
         0 Packets with incorrect version number
         0 Packets for this host
         0 Packets with no logical interface
         0 Packets with no family
         0 Packets with no route table
         0 Packets with no auxiliary table
         0 Packets with no corefacing entry
         0 packets with no CE-facing entry
         0 MAC route learning requests
         0 MAC routes learnt
         0 Requests to learn an existing route
         0 Learning requests while learning disabled on interface
         0 Learning requests over capacity
         0 MAC routes moved
         0 Requests to move static route
         0 MAC route aging requests
         0 MAC routes aged
         0 Bogus address in aging requests
         0 Requests to age static route
         0 Requests to re-ageout aged route
         0 Requests involving multiple peer FEs
         0 Aging acks from PFE
         0 Aging non-acks from PFE
         0 Aging requests timed out waiting on FEs
         0 Aging requests over max-rate
         0 Errors finding peer FEs
         0 Unsupported platform
         0 Packets dropped due to no l3 route table
         0 Packets dropped due to no local ifl
         0 Packets punted
         0 Packets dropped due to no socket
bridge:
         Input:
         0 packets received
         0 packets forwarded
         0 packets failed to forward
         0 packets dropped
         0 packets with vmember lookup failures
         0 packets with vlan lookup failures
         0 packets with stp state lookup failures
         0 packets dropped due to stp blocked/listening
         0 packets dropped due to stp learning
         0 packets with src MAC learning failures
         0 packets with input control processing failures
         Forward:
         0 packets sent successfully
         0 packets with send failures
         0 packets forwarded to l3 interface
         0 packets with l3 send failures
         0 packets discarded
         0 packets with l2ifl store failures
         0 packets with ifl mismatch failures
         0 packets with packet duplication failures
         0 packets with tag lookup failures
         0 packets with no route for DMAC
         0 packets with no route table
         0 packets with no nexthop
         0 packets with dead nexthop
         0 packets with eof reached error
         Learning:
         0 MACs learned
         0 packets sent to l3 interface
         0 packets with l3 send failures
         0 packets hit holdq while learning
         0 MAC moves
         0 packets discarded
         0 packets with no route for SMAC
         0 packets with no nexthop
         0 packets with dead nexthop
         0 packets dropped due to no resolve route
         0 packets with l3 ifd lookup failures
         0 packets with l3 ifl lookup failures
         0 packets with l3 invalid rnh
         0 packets with no route for SMAC in clone learning
         0 packets with no nexhop in clone learning
         0 packets with dead nexthop in clone learning
         0 packets dropped due to no resolve nh in clone learning
         Output:
         0 packets failed to forward
         0 packets with vmember lookup failures
         0 packets with vlan lookup failures
         0 packets with input control processing failures
         Send:
         0 packets sent successfully
         0 packets with send failures
         0 packets dropped due to interface down
         0 packets with dev output failures
         0 blocked ifl discards
         0 packets with tag lookup failures
         0 packets with stp state lookup failures
         0 packets with tag insertion failures
         0 packets with tag removal failures
         Flood:
         0 packets flooded
         0 flood failures
         IGMP:
         0 packets sent successfully
         0 packets with send failures
         0 packets failed to forward
         0 packets with mpull failures
         0 packets with vmember lookup failures
         0 packets with vlan lookup failures
         0 packets with ifl lookup failures
         0 packets with tag lookup failures
         MLD:
         0 packets received
         0 packets with receive failures
         0 packets sent successfully
         0 packets with send failures
         0 packets failed to forward
         0 packets with mpull failures
         0 packets with vmember lookup failures
         0 packets with vlan lookup failures
         0 packets with ifl lookup failures
         0 packets with tag lookup failures
         Misc:
         0 packets with size smaller than minimum
         0 packets with double tags
         0 packets with no ifl
         0 packets with no family
         0 packets with no route table
ethoamlfm:
         0 total received packets
         0 input drops due to bad interface state
         0 received packets forwarded
         0 total transmitted packets
         0 sent packets
         0 output drops due to bad interface state
ethoamcfm:
         0 total received packets
         0 input drops due to bad interface state
         0 received packets forwarded
         0 total transmitted packets
         0 sent packets
         0 output drops due to bad interface state
         0 flood requests forwarded to PFE
         0 flood requests dropped
vpls:
	0 total packets received
	0 with size smaller than minimum
	0 with incorrect version number
	0 packets for this host

	0 packets with no logical interface
	0 packets with no family
	0 packets with no route table
	0 packets with no auxiliary table
	0 packets with no corefacing entry
	0 packets with no CE-facing entry

	0 mac route learning requests
	0 mac routes learnt
	0 requests to learn an existing route
	0 learning requests while learning disabled on interface
	0 learning requests over capacity
	0 mac routes moved
	0 requests to move static route

	0 mac route aging requests
	0 mac routes aged
	0 bogus address in aging requests
	0 requests to age static route
	0 requests to re-ageout aged route
	0 requests involving multiple peer FEs
	0 aging acks from PFE
	0 aging non-acks from PFE
	0 aging requests timed out waiting on FEs
	0 aging requests over max-rate
	0 errors finding peer FEs
	0 unsupported platform
	0 dropped due to no l3 route table
	0 dropped due to no local ifl
	0 packets punted
	0 dropped due to no socket
bridge:
	0 total packets received
	0 with size smaller than minimum
	0 with incorrect version number
	0 packets for this host

	0 packets with no logical interface
	0 packets with no family
	0 packets with no route table
	0 packets with no auxiliary table
	0 packets with no corefacing entry
	0 packets with no CE-facing entry

	0 mac route learning requests
	0 mac routes learnt
	0 requests to learn an existing route
	0 learning requests while learning disabled on interface
	0 learning requests over capacity
	0 mac routes moved
	0 requests to move static route

	0 mac route aging requests
	0 mac routes aged
	0 bogus address in aging requests
	0 requests to age static route
	0 requests to re-ageout aged route
	0 requests involving multiple peer FEs
	0 aging acks from PFE
	0 aging non-acks from PFE
	0 aging requests timed out waiting on FEs
	0 aging requests over max-rate
	0 errors finding peer FEs
	0 unsupported platform
	0 dropped due to no l3 route table
	0 dropped due to no local ifl
	0 packets punted
	0 dropped due to no socket


root@Tokyo-1> show configuration | except SECRET-DATA | display omit

## Last commit: 2018-01-16 18:36:07 UTC by root
version 15.1X53-D55.5;
system {
    host-name Tokyo-1;
    root-authentication {
    }
    services {
        ssh {
            root-login allow;
        }
        telnet;
    }
    syslog {
        user * {
            any emergency;
        }
        file messages {
            any notice;
            authorization info;
        }
        file interactive-commands {
            interactive-commands any;
        }
    }
}
interfaces {
    ge-0/0/0 {
        unit 0 {
            family ethernet-switching;
        }
    }
    ge-0/0/1 {
        unit 0 {
            family ethernet-switching;
        }
    }
    ge-0/0/2 {
        unit 0 {
            family ethernet-switching;
        }
    }
    ge-0/0/3 {
        unit 0 {
            family ethernet-switching;
        }
    }
    ge-0/0/4 {
        unit 0 {
            family ethernet-switching;
        }
    }
    ge-0/0/5 {
        unit 0 {
            family ethernet-switching;
        }
    }
    ge-0/0/6 {
        unit 0 {
            family ethernet-switching;
        }
    }
    ge-0/0/7 {
        unit 0 {
            family ethernet-switching;
        }
    }
    ge-0/0/8 {
        unit 0 {
            family ethernet-switching;
        }
    }
    ge-0/0/9 {
        unit 0 {
            family ethernet-switching;
        }
    }
    ge-0/0/10 {
        unit 0 {
            family ethernet-switching;
        }
    }
    ge-0/0/11 {
        unit 0 {
            family ethernet-switching;
        }
    }
    ge-0/0/12 {
        unit 0 {
            family ethernet-switching;
        }
    }
    ge-0/0/13 {
        unit 0 {
            family ethernet-switching;
        }
    }
    ge-0/0/14 {
        unit 0 {
            family ethernet-switching;
        }
    }
    ge-0/0/15 {
        unit 0 {
            family ethernet-switching;
        }
    }
    ge-0/0/16 {
        unit 0 {
            family ethernet-switching;
        }
    }
    ge-0/0/17 {
        unit 0 {
            family ethernet-switching;
        }
    }
    ge-0/0/18 {
        unit 0 {
            family ethernet-switching;
        }
    }
    ge-0/0/19 {
        unit 0 {
            family ethernet-switching;
        }
    }
    ge-0/0/20 {
        unit 0 {
            family ethernet-switching;
        }
    }
    ge-0/0/21 {
        unit 0 {
            family ethernet-switching;
        }
    }
    ge-0/0/22 {
        unit 0 {
            family ethernet-switching;
        }
    }
    ge-0/0/23 {
        unit 0 {
            family ethernet-switching;
        }
    }
    me0 {
        description "### MGMT ###";
        unit 0 {
            family inet {
                address 192.168.1.1/24;
            }
        }
    }
}
protocols {
    rstp {
        interface all;
    }
}


root@Tokyo-1> show interfaces extensive no-forwarding

Physical interface: ge-0/0/0, Enabled, Physical link is Up
  Interface index: 648, SNMP ifIndex: 513, Generation: 139
  Link-level type: Ethernet, MTU: 1514, LAN-PHY mode, Link-mode: Full-duplex, Speed: Auto, Duplex: Auto, BPDU Error: None, Loop Detect PDU Error: None, MAC-REWRITE Error: None, Loopback: Disabled, Source filtering: Disabled, Flow control: Disabled, Auto-negotiation: Enabled, Remote fault: Online, Media type: Copper, IEEE 802.3az Energy Efficient Ethernet: Disabled
  Device flags   : Present Running
  Interface flags: SNMP-Traps Internal: 0x4000
  Link flags     : None
  CoS queues     : 12 supported, 12 maximum usable queues
  Hold-times     : Up 0 ms, Down 0 ms
  Current address: 30:b6:4f:c6:16:1a, Hardware address: 30:b6:4f:c6:16:1a
  Last flapped   : 2018-01-17 09:23:59 UTC (01:15:05 ago)
  Statistics last cleared: Never
  Traffic statistics:
   Input  bytes  :                  192                    0 bps
   Output bytes  :               151488                  312 bps
   Input  packets:                    3                    0 pps
   Output packets:                 2367                    0 pps
   IPv6 transit statistics:
    Input  bytes  :                   0
    Output bytes  :                   0
    Input  packets:                   0
    Output packets:                   0
  Input errors:
    Errors: 0, Drops: 0, Framing errors: 0, Runts: 0, Policed discards: 0, L3 incompletes: 0, L2 channel errors: 0, L2 mismatch timeouts: 0, FIFO errors: 0, Resource errors: 0
  Output errors:
    Carrier transitions: 1, Errors: 0, Drops: 0, Collisions: 0, Aged packets: 0, FIFO errors: 0, HS link CRC errors: 0, MTU errors: 0, Resource errors: 0
  Egress queues: 12 supported, 8 in use
  Queue counters:       Queued packets  Transmitted packets      Dropped packets
    0                                0                    0                    0
    1                                0                    0                    0
    2                                0                    0                    0
    3                                0                 2369                    0
    8                                0                    0                    0
    9                                0                    0                    0
    10                               0                    0                    0
    11                               0                    0                    0
  Queue number:         Mapped forwarding classes
    0                   best-effort
    1                   expedited-forwarding
    2                   assured-forwarding
    3                   network-control
    8                   mcast-be
    9                   mcast-ef
    10                  mcast-af
    11                  mcast-nc
  Active alarms  : None
  Active defects : None
  MAC statistics:                      Receive         Transmit
    Total octets                           192           151488
    Total packets                            3             2367
    Unicast packets                          0                0
    Broadcast packets                        0                0
    Multicast packets                        3             2367
    CRC/Align errors                         0                0
    FIFO errors                              0                0
    MAC control frames                       0                0
    MAC pause frames                         0                0
    Oversized frames                         0
    Jabber frames                            0
    Fragment frames                          0
    VLAN tagged frames                       0
    Code violations                          0
  Autonegotiation information:
    Negotiation status: Complete
    Link partner:
        Link mode: Full-duplex, Flow control: None, Remote fault: OK, Link partner Speed: 1000 Mbps
    Local resolution:
        Flow control: None, Flow control tx: Disabled, Flow control rx: Disabled, Remote fault: Link OK, Local link Speed: 1000 Mbps, Link mode: Full-duplex
  Packet Forwarding Engine configuration:
    Destination slot: 0 (0x00)
  CoS information:
    Direction : Output
    CoS transmit queue               Bandwidth               Buffer Priority   Limit
                              %            bps     %           usec
    0 best-effort            75      750000000    75              0      low    none
    3 network-control         5       50000000     5              0      low    none
    8 mcast-be               15      150000000    15              0      low    none
    11 mcast-nc               5       50000000     5              0      low    none
  Preclassifier statistics:
    Traffic Class        Received Packets   Transmitted  Packets      Dropped Packets
    best-effort                         0                      0                    0
    best-effort                         0                      0                    0
    best-effort                         0                      0                    0
    best-effort                         0                      0                    0
    best-effort                         0                      0                    0
    best-effort                         0                      0                    0
    best-effort                         0                      0                    0
    best-effort                         0                      0                    0
  Interface transmit statistics: Disabled
  MACSec statistics:
    Output
        Secure Channel Transmitted
        Protected Packets               : 0
        Encrypted Packets               : 0
        Protected Bytes                 : 0
        Encrypted Bytes                 : 0
     Input
        Secure Channel Received
        Accepted Packets                : 0
        Validated Bytes                 : 0
        Decrypted Bytes                 : 0

  Logical interface ge-0/0/0.0 (Index 552) (SNMP ifIndex 657) (Generation 137)
    Flags: Up SNMP-Traps 0x24024000 Encapsulation: Ethernet-Bridge
    Bandwidth: 0
    Traffic statistics:
     Input  bytes  :                  120
     Output bytes  :                    0
     Input  packets:                    2
     Output packets:                    0
    Local statistics:
     Input  bytes  :                  120
     Output bytes  :                    0
     Input  packets:                    2
     Output packets:                    0
    Transit statistics:
     Input  bytes  :                    0                    0 bps
     Output bytes  :                    0                    0 bps
     Input  packets:                    0                    0 pps
     Output packets:                    0                    0 pps
    Protocol eth-switch, MTU: 1514, Generation: 158, Route table: 4
      Flags: Is-Primary

Physical interface: pfe-0/0/0, Enabled, Physical link is Up
  Interface index: 647, SNMP ifIndex: 510, Generation: 138
  Type: Unspecified, Link-level type: Unspecified, MTU: 0, Clocking: Unspecified, Speed: Unspecified
  Device flags   : Present Running
  Link type      : Unspecified
  Link flags     : None
  Physical info  : Unspecified
  Hold-times     : Up 0 ms, Down 0 ms
  Current address: Unspecified, Hardware address: Unspecified
  Alternate link address: Unspecified
  Last flapped   : Never
  Statistics last cleared: Never
  Traffic statistics:
   Input  bytes  :                    0
   Output bytes  :                    0
   Input  packets:                    0
   Output packets:                    0
   IPv6 transit statistics:
    Input  bytes  :                   0
    Output bytes  :                   0
    Input  packets:                   0
    Output packets:                   0
  Input errors:
    Errors: 0, Drops: 0, Framing errors: 0, Runts: 0, Giants: 0, Policed discards: 0, Resource errors: 0
  Output errors:
    Carrier transitions: 0, Errors: 0, Drops: 0, MTU errors: 0, Resource errors: 0

  Logical interface pfe-0/0/0.16383 (Index 550) (SNMP ifIndex 511) (Generation 135)
    Flags: Up SNMP-Traps Encapsulation: ENET2
    Traffic statistics:
     Input  bytes  :                    0
     Output bytes  :                    0
     Input  packets:                    0
     Output packets:                    0
     IPv6 transit statistics:
      Input  bytes  :                   0
      Output bytes  :                   0
      Input  packets:                   0
      Output packets:                   0
    Local statistics:
     Input  bytes  :                    0
     Output bytes  :                    0
     Input  packets:                    0
     Output packets:                    0
    Transit statistics:
     Input  bytes  :                    0                    0 bps
     Output bytes  :                    0                    0 bps
     Input  packets:                    0                    0 pps
     Output packets:                    0                    0 pps
     IPv6 transit statistics:
      Input  bytes  :                   0
      Output bytes  :                   0
      Input  packets:                   0
      Output packets:                   0
    Protocol inet, MTU: Unlimited, Generation: 155, Route table: 1
      Flags: None
    Protocol inet6, MTU: Unlimited
    Max nh cache: 0, New hold nh limit: 0, Curr nh cnt: 0, Curr new hold cnt: 0, NH drop cnt: 0
    Generation: 156, Route table: 1
      Flags: Is-Primary

Physical interface: pfh-0/0/0, Enabled, Physical link is Up
  Interface index: 646, SNMP ifIndex: 509, Generation: 137
  Type: Unspecified, Link-level type: Unspecified, MTU: 0, Clocking: Unspecified, Speed: Unspecified
  Device flags   : Present Running
  Link type      : Unspecified
  Link flags     : None
  Physical info  : Unspecified
  Hold-times     : Up 0 ms, Down 0 ms
  Current address: Unspecified, Hardware address: Unspecified
  Alternate link address: Unspecified
  Last flapped   : Never
  Statistics last cleared: Never
  Traffic statistics:
   Input  bytes  :                    0
   Output bytes  :                    0
   Input  packets:                    0
   Output packets:                    0
   IPv6 transit statistics:
    Input  bytes  :                   0
    Output bytes  :                   0
    Input  packets:                   0
    Output packets:                   0
  Input errors:
    Errors: 0, Drops: 0, Framing errors: 0, Runts: 0, Giants: 0, Policed discards: 0, Resource errors: 0
  Output errors:
    Carrier transitions: 0, Errors: 0, Drops: 0, MTU errors: 0, Resource errors: 0

  Logical interface pfh-0/0/0.16383 (Index 551) (SNMP ifIndex 512) (Generation 136)
    Flags: Up SNMP-Traps Encapsulation: ENET2
    Traffic statistics:
     Input  bytes  :                    0
     Output bytes  :                    0
     Input  packets:                    0
     Output packets:                    0
    Local statistics:
     Input  bytes  :                    0
     Output bytes  :                    0
     Input  packets:                    0
     Output packets:                    0
    Transit statistics:
     Input  bytes  :                    0                    0 bps
     Output bytes  :                    0                    0 bps
